
> roomie-app@4.1.0 build
> next build

node.exe : [baseline-browser-mapping] The data 
in this module is over two months old.  To 
ensure accurate Baseline data, please update: 
`npm i baseline-browser-mapping@latest -D`
At C:\Program Files\nodejs\npm.ps1:29 char:3
+   & $NODE_EXE $NPM_CLI_JS $args
+   ~~~~~~~~~~~~~~~~~~~~~~~~~~~~~
    + CategoryInfo          : NotSpecified: ([b 
   aseline-brows...ping@latest -D`:String) [],  
   RemoteException
    + FullyQualifiedErrorId : NativeCommandErro 
   r
 
   Γû▓ Next.js 16.0.5 (Turbopack)
   - Environments: .env.local

   Creating an optimized production build ...
[baseline-browser-mapping] The data in this 
module is over two months old.  To ensure 
accurate Baseline data, please update: `npm i 
baseline-browser-mapping@latest -D`

> Build error occurred
Error: Turbopack build failed with 1 errors:
./src/app/globals.css
Error evaluating Node.js code
CssSyntaxError: C:\Users\garom\Desktop\Roomie 
App\src\app\globals.css:99:3: The 
`hover:shadow-[0_0_30px_rgba(236,` class does 
not exist. If 
`hover:shadow-[0_0_30px_rgba(236,` is a custom 
class, make sure it is defined within a 
`@layer` directive.
    at Input.error 
(node_modules/postcss/lib/input.js:106:16) 
[C:\Users\garom\Desktop\Roomie App\.next\build\c
hunks\node_modules_fe693df6._.js:4614:22]
    at AtRule.error 
(node_modules/postcss/lib/node.js:145:32) 
[C:\Users\garom\Desktop\Roomie App\.next\build\c
hunks\node_modules_fe693df6._.js:925:38]
    [at processApply 
(C:\Users\garom\Desktop\Roomie App\node_modules\
tailwindcss\lib\lib\expandApplyAtRules.js:380:29
)]
    [at C:\Users\garom\Desktop\Roomie App\node_m
odules\tailwindcss\lib\lib\expandApplyAtRules.js
:551:9]
    [at C:\Users\garom\Desktop\Roomie App\node_m
odules\tailwindcss\lib\processTailwindFeatures.j
s:55:50]
    [at async plugins 
(C:\Users\garom\Desktop\Roomie App\node_modules\
tailwindcss\lib\plugin.js:38:17)]
    at async LazyResult.runAsync (node_modules/p
ostcss/lib/lazy-result.js:261:11) 
[C:\Users\garom\Desktop\Roomie App\.next\build\c
hunks\node_modules_fe693df6._.js:6151:21]
    at async transform (turbopack:///[turbopack-
node]/transforms/postcss.ts:70:34) 
[C:\Users\garom\Desktop\Roomie App\.next\build\c
hunks\[root-of-the-server]__5d23b8aa._.js:141:36
]
    at async run (turbopack:///[turbopack-node]/
ipc/evaluate.ts:92:23) 
[C:\Users\garom\Desktop\Roomie App\.next\build\c
hunks\[root-of-the-server]__e38fc557._.js:443:31
]

Import trace:
  Client Component Browser:
    ./src/app/globals.css [Client Component 
Browser]
    ./src/app/layout.tsx [Server Component]


    at async transform (turbopack:///[turbopack-
node]/transforms/postcss.ts:70:34) 
[C:\Users\garom\Desktop\Roomie App\.next\build\c
hunks\[root-of-the-server]__5d23b8aa._.js:141:36
])
    at async run (turbopack:///[turbopack-node]/
ipc/evaluate.ts:92:23) 
[C:\Users\garom\Desktop\Roomie App\.next\build\c
hunks\[root-of-the-server]__e38fc557._.js:443:31
])
